
> frontend@0.0.0 build
> tsc -b && vite build

src/components/home/FeaturedProducts.tsx(2,17): error TS6133: 'ShoppingBag' is declared but its value is never read.
src/pages/Account.tsx(4,23): error TS6133: 'Check' is declared but its value is never read.
src/pages/ProductDetails.tsx(4,17): error TS6133: 'Minus' is declared but its value is never read.
src/pages/ProductDetails.tsx(4,24): error TS6133: 'Plus' is declared but its value is never read.
src/pages/ProductDetails.tsx(11,12): error TS6133: 'quantity' is declared but its value is never read.
src/pages/ProductDetails.tsx(11,22): error TS6133: 'setQuantity' is declared but its value is never read.
src/pages/Shop.tsx(11,20): error TS6133: 'setSortBy' is declared but its value is never read.
src/pages/Wishlist.tsx(50,86): error TS2353: Object literal may only specify known properties, and 'quantity' does not exist in type 'Omit<CartItem, "quantity">'.
